
[Council] Query: Should I use JWT or Sessions for a small blog?
--------------------------------------------------
[*] Stage 1: Collecting initial opinions...
[*] Stage 2: Peer reviewing and ranking...
[*] Stage 3: Synthesizing final consensus...
--------------------------------------------------

### CHAIRMAN'S SYNTHESIS

Based on the collective wisdom and consensus of the AI Council, the short answer is: **You should use Sessions for a small blog.** 

While JSON Web Tokens (JWT) are incredibly popular, they are often overkill for simple applications and introduce unnecessary complexity. For a small blog, session-based authentication is the simpler, more secure, and perfectly adequate choice to start with.

Here is a comprehensive breakdown of why the Council strongly recommends Sessions for your use case, along with scenarios where you might want to consider JWT in the future.

---

### ≡ƒÅå Why Sessions Win for a Small Blog

**1. Simplicity and Speed of Development**
Most traditional web frameworks (like Django, Ruby on Rails, Laravel, or Express) have session management built-in. You can implement secure login and logout functionality very quickly without needing to write custom logic for generating, signing, and validating tokens. 

**2. Easier and Safer Revocation (Logout)**
Because sessions are "stateful" (stored on the server), logging a user out or banning an account is as simple as deleting the session ID from your server's memory or database. 
With JWT, the token is "stateless" and lives on the client. If a user logs out, or if a hacker steals a token, that token remains valid until it expires. Revoking a JWT requires maintaining a separate server-side "blacklist," which completely defeats the purpose of using a stateless token in the first place.

**3. Better Default Security**
Sessions inherently rely on cookies. By using standard cookie security flags (`HttpOnly`, `Secure`, `SameSite`), your browser automatically handles the session ID securely, significantly reducing the risk of XSS (Cross-Site Scripting) attacks. JWTs are often stored in `localStorage`, making them highly vulnerable to XSS attacks where malicious scripts can easily steal the token.

**4. Scalability is Not an Initial Concern**
The main argument against sessions is that they take up server memory and are hard to scale across multiple servers (horizontal scaling). However, for a *small blog*, a single server (or a basic database handling sessions) can effortlessly manage thousands of users. Prematurely optimizing for Google-level scale will only slow down your launch.

---

### ΓÜû∩╕Å Summary Comparison

| Feature | Sessions (Recommended) | JWT (JSON Web Tokens) |
| :--- | :--- | :--- |
| **Complexity** | Low. Often works out-of-the-box with frameworks. | High. Requires managing token generation, signing, and refresh tokens. |
| **State** | Stateful (Server remembers the user). | Stateless (Token contains all user data). |
| **Revocation / Logout** | Easy. Just delete the session on the server. | Difficult. Requires short lifespans or a database blacklist. |
| **Security** | Highly secure if using `HttpOnly` cookies. | Vulnerable to token theft via XSS if stored locally. |
| **Best Use Case** | Small blogs, standard web apps, single-domain sites. | Microservices, single-page apps (SPAs), mobile apps, strict APIs. |

---

### ≡ƒÜÇ When Should You Consider JWT?

You should stick with sessions to get your blog up and running quickly. However, you might want to migrate to JWTs later if your project evolves into one of the following scenarios:

*   **Decoupled Architecture (SPA):** If you decide to separate your frontend (e.g., React, Vue) and backend (e.g., Node API, Python API) across different domains (Cross-Origin Resource Sharing - CORS), JWTs become much easier to route and manage than cookies.
*   **Mobile Applications:** If you plan to build a native iOS or Android app for your blog, JWTs are the industry standard, as mobile apps don't handle traditional web cookies as seamlessly as browsers do.
*   **Microservices:** If your application grows so massive that you have dozens of different backend services (e.g., a billing service, a commenting service, a user service), passing a stateless JWT between them is highly efficient.

### Γ£à Actionable Advice for Your Blog

If you move forward with **Sessions**, ensure you implement these basic security best practices:
1.  **Use `HttpOnly`:** This ensures JavaScript cannot read your session cookie, protecting you from XSS attacks.
2.  **Use `Secure`:** This ensures the cookie is only sent over encrypted HTTPS connections.
3.  **Use `SameSite=Lax` or `Strict`:** This protects your blog from CSRF (Cross-Site Request Forgery) attacks.
4.  **Set an Expiry:** Ensure sessions automatically expire after a period of inactivity to protect users on shared computers. 

**The Bottom Line:** Focus on writing content and building your blog's core features. Choose Sessions to save time and reduce headaches. You can always migrate to JWTs later if your blog scales into a massive, multi-platform platform.

--------------------------------------------------

### COUNCIL RANKINGS (Borda Score)
 - google/gemini-2.0-flash-lite-001: 1.00
 - openai/gpt-4o-mini: 0.56
 - qwen/qwen-turbo: 0.44
 - anthropic/claude-3-haiku: 0.00

==================================================
### INDIVIDUAL RESPONSES

--- openai/gpt-4o-mini ---
Choosing between JWT (JSON Web Tokens) and sessions for user authentication in a small blog depends on a few key factors, including your project's architecture, requirements, and future scalability needs. HereΓÇÖs a breakdown of both approaches to help you decide:

### Sessions:

**Pros:**
1. **Simplicity:** Sessions are straightforward to implement. You can easily associate session data with a user on the server side without needing to handle tokens.
2. **Storage on Server:** Sessions are stored on the server, so you avoid potential security issues like token theft since sensitive data isn't exposed to the client.
3. **Easy Invalidations:** You can easily invalidate sessions on logout by removing the session from your server.

**Cons:**
1. **Scalability:** If your blog grows and you switch to a distributed architecture (multiple servers), you will need to implement session storage solutions (like Redis or database storage) to share session data across servers.
2. **Statefulness:** Sessions are stateful. You need to manage server memory and storage, which could be a limitation as users increase.

### JWT (JSON Web Tokens):

**Pros:**
1. **Statelessness:** JWTs are self-contained; they hold all the necessary information about the user (like user ID, permissions, etc.), which means you donΓÇÖt have to store any session information on the server.
2. **Scalability:** Because they are stateless, JWTs are well-suited for scalable applications (microservices, etc.) without requiring centralized session storage.
3. **Decentralized Authentication:** Can be easily used across different domains or services, making them great for APIs.

**Cons:**
1. **Complexity:** Implementing JWT can be more complex, especially when handling token expiration and refresh tokens.
2. **Security Risks:** If a JWT is stolen, it can be used until it expires, so you need to consider using short-lived tokens or refresh tokens, and additional measures for token security (like HTTPS, signing tokens).
3. **Size:** JWTs are larger than simple session IDs, which can add unnecessary payload to your requests.

### Considerations for Your Small Blog:
- If your blog is simple and won't scale massively in the near future, **using sessions** might be the easier and more secure option. It allows for straightforward user management and logout functionality.
- If you're considering future scalability or looking to build a more complex application (e.g., an API or multiple frontend apps), **JWT** might be a better choice due to its stateless nature.

Ultimately, for a small blog, if your needs are straightforward, sessions offer simplicity and security without complexity. If you anticipate growth or the need for an API, then starting with JWT might provide more flexibility down the line.

--- anthropic/claude-3-haiku ---
For a small blog, either JSON Web Tokens (JWT) or session-based authentication can work well, but there are some factors to consider when choosing between the two:

1. **Statelessness**: JWT is a stateless authentication method, meaning the server doesn't need to store any session information. This can be beneficial for scalability, as you don't have to manage and store session data on the server. On the other hand, session-based authentication requires the server to store session information, which can be a consideration for a small blog.

2. **Complexity**: JWT is generally more complex to implement, as you need to handle token generation, signing, and verification. Session-based authentication is relatively simpler to set up and manage.

3. **Portability**: JWTs can be easily used across different applications and platforms, as the token can be passed around without the need for a centralized session store. This can be beneficial if you plan to integrate your blog with other services in the future.

4. **Security**: Both JWT and session-based authentication can be secure if implemented correctly. JWT relies on cryptographic signing and can provide better protection against CSRF attacks, but can be vulnerable to token-based attacks if not handled properly. Session-based authentication can be secure if you follow best practices, such as using HTTPS, setting HttpOnly and Secure flags on session cookies, and implementing CSRF protection.

5. **Offline access**: JWTs can be used to provide offline access, as the token can be stored client-side and used to authenticate the user without a server interaction. This may not be a critical requirement for a small blog.

In general, for a small blog, session-based authentication may be the simpler and more straightforward choice, as it requires less setup and management. However, if you anticipate the need for greater scalability, portability, or offline access in the future, JWT may be a better long-term solution. It's also worth considering the specific requirements and constraints of your blog to make the best choice.

--- google/gemini-2.0-flash-lite-001 ---
For a small blog, the choice between JWT (JSON Web Tokens) and sessions depends on your priorities:

**Consider JWT if:**

*   **You're prioritizing simplicity and scalability (potentially).** For a small blog, the scalability advantages are likely not a major concern initially.
*   **You want a stateless architecture.** JWTs are stateless because the server doesn't need to store any session information. Each request includes all the necessary data in the token.
*   **You want easier cross-domain access (e.g., if you plan to have a separate frontend).** JWTs are generally easier to manage across different domains.
*   **You want to minimize server-side state.** This can simplify your deployments and scaling.
*   **User Logout:** It's easier to implement logout with JWT (just delete the token from the client-side). However, this impacts revocation if needed.
*   **Mobile apps:** If you're building a mobile app or planning to later, JWT is often preferred due to its ability to be easily stored and retrieved from the app.

**Consider Sessions if:**

*   **You want a simpler implementation for authentication and authorization in the short term.** Sessions can be easier to set up initially, especially if you're not deeply familiar with JWT.
*   **You're dealing with a single-domain application (frontend and backend are served from the same domain).** Sessions are typically easier to manage within a single domain.
*   **You're comfortable with server-side state.** Sessions rely on the server keeping track of user data.
*   **You need more control over session revocation.** You can invalidate a session on the server-side, but this can be slightly more complex.
*   **You prioritize ease of use and are not concerned about scaling beyond what a single server can handle initially.**

**Here is a table summarizing the pros and cons**

| Feature            | JWT                                                                                              | Sessions                                                                                              |
|--------------------|--------------------------------------------------------------------------------------------------|-------------------------------------------------------------------------------------------------------|
| **Complexity**     | Slightly more complex to set up initially, needs libraries for generation and validation.      | Generally simpler to set up, especially if using a framework's built-in session management.          |
| **Scalability**    | Better scaling potential (stateless), distribute the load on the backend,                                                 | Can become a bottleneck as user load increases, needs to store and manage session data on the server.  |
| **Statelessness**  | Stateless (server doesn't store session data).                                                 | Stateful (server stores session data).                                                                 |
| **Cross-domain**   | Easier to manage across domains.                                                               | Can be more complex to set up securely across different domains.                                     |
| **Mobile Apps**    | Recommended.                                                                                      | Can work, but JWT is often favored.                                                                   |
| **Security**       | Must secure the token appropriately on the client.  Can be vulnerable to token theft/XSS.    | Vulnerable to session hijacking if not managed properly.                                              |
| **Revocation**     | Difficult (requires a token blacklist or short TTL).                                            | Easier (invalidate the session on the server).                                                        |
| **Initial Setup**  | Potentially more initial effort.  Need token generation, storage, and validation on the backend. | Can leverage framework's built-in session mechanisms.                                                      |

**Recommendation for a Small Blog:**

For a *small* blog, **Session-based authentication is likely the simpler and perfectly reasonable choice to start with.**

*   **Ease of implementation:** Sessions are often easier to set up quickly, especially with the features built into common web frameworks.
*   **Reduced complexity initially:** You avoid the need to handle token generation, storage, and client-side management of JWTs.
*   **Scalability consideration:** For a small blog, you probably won't hit any significant scalability limitations introduced by sessions, at least initially. Session management overhead is modest at small scale.
*   **Security:**  Session security is manageable with proper practices (HTTPS, secure cookies etc.)

**When to Consider Switching to JWT (Later):**

*   **If you anticipate significant growth:** As your blog grows, you might need to scale its backend. JWTs offer more flexibility for scaling horizontally.
*   **To Simplify cross-domain scenarios:** If you decide to decouple your frontend and use a different domain, JWTs become very attractive and may even become advisable.
*   **To facilitate mobile access:** If you are building native mobile applications, JWT is often a clearer choice.

**Key Takeaway:**

Get your blog up and running quickly with sessions. Focus on the core functionality and content. You can always migrate to JWT later if and when your needs evolve. For a small project like a blog, premature optimization is often not worth the effort.


--- qwen/qwen-turbo ---
For a **small blog**, **sessions** are usually the **better choice** compared to **JWT**. Here's a breakdown to help you decide:

---

### Γ£à **Why Sessions are Better for a Small Blog**

1. **Simplicity**:
   - Sessions are easier to implement in most web frameworks (like Flask, Django, Express, etc.).
   - You donΓÇÖt need to handle token generation, validation, or storage on the client side.

2. **Security**:
   - Sessions are typically stored on the server-side, which makes them more secure.
   - Tokens can be vulnerable to issues like XSS (Cross-Site Scripting) if not handled carefully.

3. **No Need for Token Management**:
   - JWT requires you to manage token expiration, refresh tokens, and store them securely (e.g., in `HttpOnly` cookies or local storage).
   - For a simple blog where users might not be authenticated at all or only have basic login, this can be overkill.

4. **No Cross-Domain or API Complexity**:
   - If your blog is a single domain, sessions work well.
   - JWT is more useful for **APIs**, microservices, or **single-page apps (SPAs)** that might interact with multiple services or be used on different domains.

---

### ≡ƒ¢á∩╕Å When to Use JWT

JWT is better if:
- You're building a **frontend + backend separation** (e.g., React frontend with a REST API backend).
- You're using **single sign-on (SSO)** or **distributed systems**.
- You're building an **API** that needs to be stateless and scalable.
- You're serving **mobile apps** or **third-party integrations**.

---

### ≡ƒöÉ Security Tips for Sessions

If you go with sessions:
- Use **secure cookies** (set `HttpOnly`, `Secure`, and `SameSite=Strict`).
- Use **session expiration** to prevent unauthorized access.
- Hash and store session IDs securely on the server.

---

### ≡ƒºá Summary

| Feature | Sessions | JWT |
|--------|----------|-----|
| Simplicity | Γ£à Easier | Γ¥î More complex |
| Security | Γ£à Server-side storage | Γ¥î Client-side storage (can be insecure) |
| Scalability | Γ¥î Not ideal for microservices | Γ£à Better for distributed systems |
| Use Case | Small blog, simple app | API, SPAs, SSO, microservices |

---

### Γ£à Recommendation for a Small Blog
**Use sessions** for authentication. ItΓÇÖs simpler, secure, and sufficient for most small blogs.

If your blog grows and becomes more complex (e.g., mobile app, SSO, or a multi-service system), you can consider switching to JWT later.

---

Let me know if you're using a specific framework (like Django, Express.js, etc.), and I can give you code examples for either approach!
